// Jest Snapshot v1, https://goo.gl/fbAQLP

exports[`card should match its snapshot 1`] = `
ShallowWrapper {
  "length": 1,
  Symbol(enzyme.__root__): [Circular],
  Symbol(enzyme.__unrendered__): <Card
    favorited={false}
    favorites={
        Array [
            Object {
              "name": "Duck Fat",
            },
          ]
    }
    handleAddFav={[Function]}
    handleDeleteFav={[Function]}
    history="hi"
    info={
        Object {
            "data": Object {
              "hours": "9-5",
              "reservations": "no",
            },
            "name": "Scales",
          }
    }
    user={
        Object {
            "name": "Julie",
          }
    }
/>,
  Symbol(enzyme.__renderer__): Object {
    "batchedUpdates": [Function],
    "getNode": [Function],
    "render": [Function],
    "simulateEvent": [Function],
    "unmount": [Function],
  },
  Symbol(enzyme.__node__): Object {
    "instance": null,
    "key": undefined,
    "nodeType": "host",
    "props": Object {
      "children": Array [
        <p
          className="restaurant-name"
>
          Scales
</p>,
        Array [
          <p>
            hours
            : 
            9-5
</p>,
          <p>
            reservations
            : 
            no
</p>,
        ],
        <button
          onClick={[Function]}
>
          Fav
</button>,
      ],
      "className": "card",
    },
    "ref": null,
    "rendered": Array [
      Object {
        "instance": null,
        "key": undefined,
        "nodeType": "host",
        "props": Object {
          "children": "Scales",
          "className": "restaurant-name",
        },
        "ref": null,
        "rendered": "Scales",
        "type": "p",
      },
      Object {
        "instance": null,
        "key": "0",
        "nodeType": "host",
        "props": Object {
          "children": Array [
            "hours",
            ": ",
            "9-5",
          ],
        },
        "ref": null,
        "rendered": Array [
          "hours",
          ": ",
          "9-5",
        ],
        "type": "p",
      },
      Object {
        "instance": null,
        "key": "1",
        "nodeType": "host",
        "props": Object {
          "children": Array [
            "reservations",
            ": ",
            "no",
          ],
        },
        "ref": null,
        "rendered": Array [
          "reservations",
          ": ",
          "no",
        ],
        "type": "p",
      },
      Object {
        "instance": null,
        "key": undefined,
        "nodeType": "host",
        "props": Object {
          "children": "Fav",
          "onClick": [Function],
        },
        "ref": null,
        "rendered": "Fav",
        "type": "button",
      },
    ],
    "type": "div",
  },
  Symbol(enzyme.__nodes__): Array [
    Object {
      "instance": null,
      "key": undefined,
      "nodeType": "host",
      "props": Object {
        "children": Array [
          <p
            className="restaurant-name"
>
            Scales
</p>,
          Array [
            <p>
              hours
              : 
              9-5
</p>,
            <p>
              reservations
              : 
              no
</p>,
          ],
          <button
            onClick={[Function]}
>
            Fav
</button>,
        ],
        "className": "card",
      },
      "ref": null,
      "rendered": Array [
        Object {
          "instance": null,
          "key": undefined,
          "nodeType": "host",
          "props": Object {
            "children": "Scales",
            "className": "restaurant-name",
          },
          "ref": null,
          "rendered": "Scales",
          "type": "p",
        },
        Object {
          "instance": null,
          "key": "0",
          "nodeType": "host",
          "props": Object {
            "children": Array [
              "hours",
              ": ",
              "9-5",
            ],
          },
          "ref": null,
          "rendered": Array [
            "hours",
            ": ",
            "9-5",
          ],
          "type": "p",
        },
        Object {
          "instance": null,
          "key": "1",
          "nodeType": "host",
          "props": Object {
            "children": Array [
              "reservations",
              ": ",
              "no",
            ],
          },
          "ref": null,
          "rendered": Array [
            "reservations",
            ": ",
            "no",
          ],
          "type": "p",
        },
        Object {
          "instance": null,
          "key": undefined,
          "nodeType": "host",
          "props": Object {
            "children": "Fav",
            "onClick": [Function],
          },
          "ref": null,
          "rendered": "Fav",
          "type": "button",
        },
      ],
      "type": "div",
    },
  ],
  Symbol(enzyme.__options__): Object {
    "adapter": ReactSixteenAdapter {
      "options": Object {
        "enableComponentDidUpdateOnSetState": true,
      },
    },
  },
}
`;
