// Jest Snapshot v1, https://goo.gl/fbAQLP

exports[`Home should match the snapshot 1`] = `
ShallowWrapper {
  "length": 1,
  Symbol(enzyme.__root__): [Circular],
  Symbol(enzyme.__unrendered__): <Unknown />,
  Symbol(enzyme.__renderer__): Object {
    "batchedUpdates": [Function],
    "getNode": [Function],
    "render": [Function],
    "simulateEvent": [Function],
    "unmount": [Function],
  },
  Symbol(enzyme.__node__): Object {
    "instance": null,
    "key": undefined,
    "nodeType": "host",
    "props": Object {
      "children": <div
        className="home-text"
>
        <h1>
                Welcome to Eats
        </h1>
        <h3>
                Look up resaurants and get recommendations based on places you already love. Your next favorite eatery is waiting to be discovered!
        </h3>
        <div
                className="links"
        >
                <NavLink
                        activeClassName="active"
                        ariaCurrent="true"
                        className="login"
                        to="/login"
                >
                        Login
                </NavLink>
                <NavLink
                        activeClassName="active"
                        ariaCurrent="true"
                        className="sign-up"
                        to="/signup"
                >
                        SignUp
                </NavLink>
        </div>
</div>,
      "className": "home",
    },
    "ref": null,
    "rendered": Object {
      "instance": null,
      "key": undefined,
      "nodeType": "host",
      "props": Object {
        "children": Array [
          <h1>
            Welcome to Eats
</h1>,
          <h3>
            Look up resaurants and get recommendations based on places you already love. Your next favorite eatery is waiting to be discovered!
</h3>,
          <div
            className="links"
>
            <NavLink
                        activeClassName="active"
                        ariaCurrent="true"
                        className="login"
                        to="/login"
            >
                        Login
            </NavLink>
            <NavLink
                        activeClassName="active"
                        ariaCurrent="true"
                        className="sign-up"
                        to="/signup"
            >
                        SignUp
            </NavLink>
</div>,
        ],
        "className": "home-text",
      },
      "ref": null,
      "rendered": Array [
        Object {
          "instance": null,
          "key": undefined,
          "nodeType": "host",
          "props": Object {
            "children": "Welcome to Eats",
          },
          "ref": null,
          "rendered": "Welcome to Eats",
          "type": "h1",
        },
        Object {
          "instance": null,
          "key": undefined,
          "nodeType": "host",
          "props": Object {
            "children": "Look up resaurants and get recommendations based on places you already love. Your next favorite eatery is waiting to be discovered!",
          },
          "ref": null,
          "rendered": "Look up resaurants and get recommendations based on places you already love. Your next favorite eatery is waiting to be discovered!",
          "type": "h3",
        },
        Object {
          "instance": null,
          "key": undefined,
          "nodeType": "host",
          "props": Object {
            "children": Array [
              <NavLink
                activeClassName="active"
                ariaCurrent="true"
                className="login"
                to="/login"
>
                Login
</NavLink>,
              <NavLink
                activeClassName="active"
                ariaCurrent="true"
                className="sign-up"
                to="/signup"
>
                SignUp
</NavLink>,
            ],
            "className": "links",
          },
          "ref": null,
          "rendered": Array [
            Object {
              "instance": null,
              "key": undefined,
              "nodeType": "function",
              "props": Object {
                "activeClassName": "active",
                "ariaCurrent": "true",
                "children": "Login",
                "className": "login",
                "to": "/login",
              },
              "ref": null,
              "rendered": "Login",
              "type": [Function],
            },
            Object {
              "instance": null,
              "key": undefined,
              "nodeType": "function",
              "props": Object {
                "activeClassName": "active",
                "ariaCurrent": "true",
                "children": "SignUp",
                "className": "sign-up",
                "to": "/signup",
              },
              "ref": null,
              "rendered": "SignUp",
              "type": [Function],
            },
          ],
          "type": "div",
        },
      ],
      "type": "div",
    },
    "type": "div",
  },
  Symbol(enzyme.__nodes__): Array [
    Object {
      "instance": null,
      "key": undefined,
      "nodeType": "host",
      "props": Object {
        "children": <div
          className="home-text"
>
          <h1>
                    Welcome to Eats
          </h1>
          <h3>
                    Look up resaurants and get recommendations based on places you already love. Your next favorite eatery is waiting to be discovered!
          </h3>
          <div
                    className="links"
          >
                    <NavLink
                              activeClassName="active"
                              ariaCurrent="true"
                              className="login"
                              to="/login"
                    >
                              Login
                    </NavLink>
                    <NavLink
                              activeClassName="active"
                              ariaCurrent="true"
                              className="sign-up"
                              to="/signup"
                    >
                              SignUp
                    </NavLink>
          </div>
</div>,
        "className": "home",
      },
      "ref": null,
      "rendered": Object {
        "instance": null,
        "key": undefined,
        "nodeType": "host",
        "props": Object {
          "children": Array [
            <h1>
              Welcome to Eats
</h1>,
            <h3>
              Look up resaurants and get recommendations based on places you already love. Your next favorite eatery is waiting to be discovered!
</h3>,
            <div
              className="links"
>
              <NavLink
                            activeClassName="active"
                            ariaCurrent="true"
                            className="login"
                            to="/login"
              >
                            Login
              </NavLink>
              <NavLink
                            activeClassName="active"
                            ariaCurrent="true"
                            className="sign-up"
                            to="/signup"
              >
                            SignUp
              </NavLink>
</div>,
          ],
          "className": "home-text",
        },
        "ref": null,
        "rendered": Array [
          Object {
            "instance": null,
            "key": undefined,
            "nodeType": "host",
            "props": Object {
              "children": "Welcome to Eats",
            },
            "ref": null,
            "rendered": "Welcome to Eats",
            "type": "h1",
          },
          Object {
            "instance": null,
            "key": undefined,
            "nodeType": "host",
            "props": Object {
              "children": "Look up resaurants and get recommendations based on places you already love. Your next favorite eatery is waiting to be discovered!",
            },
            "ref": null,
            "rendered": "Look up resaurants and get recommendations based on places you already love. Your next favorite eatery is waiting to be discovered!",
            "type": "h3",
          },
          Object {
            "instance": null,
            "key": undefined,
            "nodeType": "host",
            "props": Object {
              "children": Array [
                <NavLink
                  activeClassName="active"
                  ariaCurrent="true"
                  className="login"
                  to="/login"
>
                  Login
</NavLink>,
                <NavLink
                  activeClassName="active"
                  ariaCurrent="true"
                  className="sign-up"
                  to="/signup"
>
                  SignUp
</NavLink>,
              ],
              "className": "links",
            },
            "ref": null,
            "rendered": Array [
              Object {
                "instance": null,
                "key": undefined,
                "nodeType": "function",
                "props": Object {
                  "activeClassName": "active",
                  "ariaCurrent": "true",
                  "children": "Login",
                  "className": "login",
                  "to": "/login",
                },
                "ref": null,
                "rendered": "Login",
                "type": [Function],
              },
              Object {
                "instance": null,
                "key": undefined,
                "nodeType": "function",
                "props": Object {
                  "activeClassName": "active",
                  "ariaCurrent": "true",
                  "children": "SignUp",
                  "className": "sign-up",
                  "to": "/signup",
                },
                "ref": null,
                "rendered": "SignUp",
                "type": [Function],
              },
            ],
            "type": "div",
          },
        ],
        "type": "div",
      },
      "type": "div",
    },
  ],
  Symbol(enzyme.__options__): Object {
    "adapter": ReactSixteenAdapter {
      "options": Object {
        "enableComponentDidUpdateOnSetState": true,
      },
    },
  },
}
`;
