// Jest Snapshot v1, https://goo.gl/fbAQLP

exports[`NavBar should match the snapshot 1`] = `
ShallowWrapper {
  "length": 1,
  Symbol(enzyme.__root__): [Circular],
  Symbol(enzyme.__unrendered__): <NavBar
    handleLocation={[Function]}
    location={Object {}}
    user={Object {}}
/>,
  Symbol(enzyme.__renderer__): Object {
    "batchedUpdates": [Function],
    "getNode": [Function],
    "render": [Function],
    "simulateEvent": [Function],
    "unmount": [Function],
  },
  Symbol(enzyme.__node__): Object {
    "instance": null,
    "key": undefined,
    "nodeType": "host",
    "props": Object {
      "children": Array [
        <div
          className="title"
>
          <div
                    className="left-nav"
          >
                    <p>
                              Hello! 
                    </p>
                    <p>
                              Your Location: 
                    </p>
          </div>
          <h1>
                    Eats
          </h1>
          <div
                    className="right-nav"
          >
                    <button
                              onClick={undefined}
                    >
                              LogOut
                    </button>
          </div>
</div>,
        <div
          className="nav-bar"
>
          <NavLink
                    activeClassName="active"
                    ariaCurrent="true"
                    className="nav"
                    to="/"
          >
                    Home
          </NavLink>
          <NavLink
                    activeClassName="active"
                    ariaCurrent="true"
                    className="nav"
                    to="/suggestions"
          >
                    Places Near You
          </NavLink>
          <NavLink
                    activeClassName="active"
                    ariaCurrent="true"
                    className="nav"
                    to="/favorites"
          >
                    Favorites
          </NavLink>
          <NavLink
                    activeClassName="active"
                    ariaCurrent="true"
                    className="nav"
                    to="/recommendations"
          >
                    Recommendations
          </NavLink>
          <NavLink
                    activeClassName="active"
                    ariaCurrent="true"
                    className="nav"
                    to="/location"
          >
                    Change Location
          </NavLink>
</div>,
      ],
    },
    "ref": null,
    "rendered": Array [
      Object {
        "instance": null,
        "key": undefined,
        "nodeType": "host",
        "props": Object {
          "children": Array [
            <div
              className="left-nav"
>
              <p>
                            Hello! 
              </p>
              <p>
                            Your Location: 
              </p>
</div>,
            <h1>
              Eats
</h1>,
            <div
              className="right-nav"
>
              <button
                            onClick={undefined}
              >
                            LogOut
              </button>
</div>,
          ],
          "className": "title",
        },
        "ref": null,
        "rendered": Array [
          Object {
            "instance": null,
            "key": undefined,
            "nodeType": "host",
            "props": Object {
              "children": Array [
                <p>
                  Hello! 
</p>,
                <p>
                  Your Location: 
</p>,
              ],
              "className": "left-nav",
            },
            "ref": null,
            "rendered": Array [
              Object {
                "instance": null,
                "key": undefined,
                "nodeType": "host",
                "props": Object {
                  "children": Array [
                    "Hello! ",
                    undefined,
                  ],
                },
                "ref": null,
                "rendered": Array [
                  "Hello! ",
                  undefined,
                ],
                "type": "p",
              },
              Object {
                "instance": null,
                "key": undefined,
                "nodeType": "host",
                "props": Object {
                  "children": Array [
                    "Your Location: ",
                    undefined,
                  ],
                },
                "ref": null,
                "rendered": Array [
                  "Your Location: ",
                  undefined,
                ],
                "type": "p",
              },
            ],
            "type": "div",
          },
          Object {
            "instance": null,
            "key": undefined,
            "nodeType": "host",
            "props": Object {
              "children": "Eats",
            },
            "ref": null,
            "rendered": "Eats",
            "type": "h1",
          },
          Object {
            "instance": null,
            "key": undefined,
            "nodeType": "host",
            "props": Object {
              "children": <button
                onClick={undefined}
>
                LogOut
</button>,
              "className": "right-nav",
            },
            "ref": null,
            "rendered": Object {
              "instance": null,
              "key": undefined,
              "nodeType": "host",
              "props": Object {
                "children": "LogOut",
                "onClick": undefined,
              },
              "ref": null,
              "rendered": "LogOut",
              "type": "button",
            },
            "type": "div",
          },
        ],
        "type": "div",
      },
      Object {
        "instance": null,
        "key": undefined,
        "nodeType": "host",
        "props": Object {
          "children": Array [
            <NavLink
              activeClassName="active"
              ariaCurrent="true"
              className="nav"
              to="/"
>
              Home
</NavLink>,
            <NavLink
              activeClassName="active"
              ariaCurrent="true"
              className="nav"
              to="/suggestions"
>
              Places Near You
</NavLink>,
            <NavLink
              activeClassName="active"
              ariaCurrent="true"
              className="nav"
              to="/favorites"
>
              Favorites
</NavLink>,
            <NavLink
              activeClassName="active"
              ariaCurrent="true"
              className="nav"
              to="/recommendations"
>
              Recommendations
</NavLink>,
            <NavLink
              activeClassName="active"
              ariaCurrent="true"
              className="nav"
              to="/location"
>
              Change Location
</NavLink>,
          ],
          "className": "nav-bar",
        },
        "ref": null,
        "rendered": Array [
          Object {
            "instance": null,
            "key": undefined,
            "nodeType": "function",
            "props": Object {
              "activeClassName": "active",
              "ariaCurrent": "true",
              "children": "Home",
              "className": "nav",
              "to": "/",
            },
            "ref": null,
            "rendered": "Home",
            "type": [Function],
          },
          Object {
            "instance": null,
            "key": undefined,
            "nodeType": "function",
            "props": Object {
              "activeClassName": "active",
              "ariaCurrent": "true",
              "children": "Places Near You",
              "className": "nav",
              "to": "/suggestions",
            },
            "ref": null,
            "rendered": "Places Near You",
            "type": [Function],
          },
          Object {
            "instance": null,
            "key": undefined,
            "nodeType": "function",
            "props": Object {
              "activeClassName": "active",
              "ariaCurrent": "true",
              "children": "Favorites",
              "className": "nav",
              "to": "/favorites",
            },
            "ref": null,
            "rendered": "Favorites",
            "type": [Function],
          },
          Object {
            "instance": null,
            "key": undefined,
            "nodeType": "function",
            "props": Object {
              "activeClassName": "active",
              "ariaCurrent": "true",
              "children": "Recommendations",
              "className": "nav",
              "to": "/recommendations",
            },
            "ref": null,
            "rendered": "Recommendations",
            "type": [Function],
          },
          Object {
            "instance": null,
            "key": undefined,
            "nodeType": "function",
            "props": Object {
              "activeClassName": "active",
              "ariaCurrent": "true",
              "children": "Change Location",
              "className": "nav",
              "to": "/location",
            },
            "ref": null,
            "rendered": "Change Location",
            "type": [Function],
          },
        ],
        "type": "div",
      },
    ],
    "type": "header",
  },
  Symbol(enzyme.__nodes__): Array [
    Object {
      "instance": null,
      "key": undefined,
      "nodeType": "host",
      "props": Object {
        "children": Array [
          <div
            className="title"
>
            <div
                        className="left-nav"
            >
                        <p>
                                    Hello! 
                        </p>
                        <p>
                                    Your Location: 
                        </p>
            </div>
            <h1>
                        Eats
            </h1>
            <div
                        className="right-nav"
            >
                        <button
                                    onClick={undefined}
                        >
                                    LogOut
                        </button>
            </div>
</div>,
          <div
            className="nav-bar"
>
            <NavLink
                        activeClassName="active"
                        ariaCurrent="true"
                        className="nav"
                        to="/"
            >
                        Home
            </NavLink>
            <NavLink
                        activeClassName="active"
                        ariaCurrent="true"
                        className="nav"
                        to="/suggestions"
            >
                        Places Near You
            </NavLink>
            <NavLink
                        activeClassName="active"
                        ariaCurrent="true"
                        className="nav"
                        to="/favorites"
            >
                        Favorites
            </NavLink>
            <NavLink
                        activeClassName="active"
                        ariaCurrent="true"
                        className="nav"
                        to="/recommendations"
            >
                        Recommendations
            </NavLink>
            <NavLink
                        activeClassName="active"
                        ariaCurrent="true"
                        className="nav"
                        to="/location"
            >
                        Change Location
            </NavLink>
</div>,
        ],
      },
      "ref": null,
      "rendered": Array [
        Object {
          "instance": null,
          "key": undefined,
          "nodeType": "host",
          "props": Object {
            "children": Array [
              <div
                className="left-nav"
>
                <p>
                                Hello! 
                </p>
                <p>
                                Your Location: 
                </p>
</div>,
              <h1>
                Eats
</h1>,
              <div
                className="right-nav"
>
                <button
                                onClick={undefined}
                >
                                LogOut
                </button>
</div>,
            ],
            "className": "title",
          },
          "ref": null,
          "rendered": Array [
            Object {
              "instance": null,
              "key": undefined,
              "nodeType": "host",
              "props": Object {
                "children": Array [
                  <p>
                    Hello! 
</p>,
                  <p>
                    Your Location: 
</p>,
                ],
                "className": "left-nav",
              },
              "ref": null,
              "rendered": Array [
                Object {
                  "instance": null,
                  "key": undefined,
                  "nodeType": "host",
                  "props": Object {
                    "children": Array [
                      "Hello! ",
                      undefined,
                    ],
                  },
                  "ref": null,
                  "rendered": Array [
                    "Hello! ",
                    undefined,
                  ],
                  "type": "p",
                },
                Object {
                  "instance": null,
                  "key": undefined,
                  "nodeType": "host",
                  "props": Object {
                    "children": Array [
                      "Your Location: ",
                      undefined,
                    ],
                  },
                  "ref": null,
                  "rendered": Array [
                    "Your Location: ",
                    undefined,
                  ],
                  "type": "p",
                },
              ],
              "type": "div",
            },
            Object {
              "instance": null,
              "key": undefined,
              "nodeType": "host",
              "props": Object {
                "children": "Eats",
              },
              "ref": null,
              "rendered": "Eats",
              "type": "h1",
            },
            Object {
              "instance": null,
              "key": undefined,
              "nodeType": "host",
              "props": Object {
                "children": <button
                  onClick={undefined}
>
                  LogOut
</button>,
                "className": "right-nav",
              },
              "ref": null,
              "rendered": Object {
                "instance": null,
                "key": undefined,
                "nodeType": "host",
                "props": Object {
                  "children": "LogOut",
                  "onClick": undefined,
                },
                "ref": null,
                "rendered": "LogOut",
                "type": "button",
              },
              "type": "div",
            },
          ],
          "type": "div",
        },
        Object {
          "instance": null,
          "key": undefined,
          "nodeType": "host",
          "props": Object {
            "children": Array [
              <NavLink
                activeClassName="active"
                ariaCurrent="true"
                className="nav"
                to="/"
>
                Home
</NavLink>,
              <NavLink
                activeClassName="active"
                ariaCurrent="true"
                className="nav"
                to="/suggestions"
>
                Places Near You
</NavLink>,
              <NavLink
                activeClassName="active"
                ariaCurrent="true"
                className="nav"
                to="/favorites"
>
                Favorites
</NavLink>,
              <NavLink
                activeClassName="active"
                ariaCurrent="true"
                className="nav"
                to="/recommendations"
>
                Recommendations
</NavLink>,
              <NavLink
                activeClassName="active"
                ariaCurrent="true"
                className="nav"
                to="/location"
>
                Change Location
</NavLink>,
            ],
            "className": "nav-bar",
          },
          "ref": null,
          "rendered": Array [
            Object {
              "instance": null,
              "key": undefined,
              "nodeType": "function",
              "props": Object {
                "activeClassName": "active",
                "ariaCurrent": "true",
                "children": "Home",
                "className": "nav",
                "to": "/",
              },
              "ref": null,
              "rendered": "Home",
              "type": [Function],
            },
            Object {
              "instance": null,
              "key": undefined,
              "nodeType": "function",
              "props": Object {
                "activeClassName": "active",
                "ariaCurrent": "true",
                "children": "Places Near You",
                "className": "nav",
                "to": "/suggestions",
              },
              "ref": null,
              "rendered": "Places Near You",
              "type": [Function],
            },
            Object {
              "instance": null,
              "key": undefined,
              "nodeType": "function",
              "props": Object {
                "activeClassName": "active",
                "ariaCurrent": "true",
                "children": "Favorites",
                "className": "nav",
                "to": "/favorites",
              },
              "ref": null,
              "rendered": "Favorites",
              "type": [Function],
            },
            Object {
              "instance": null,
              "key": undefined,
              "nodeType": "function",
              "props": Object {
                "activeClassName": "active",
                "ariaCurrent": "true",
                "children": "Recommendations",
                "className": "nav",
                "to": "/recommendations",
              },
              "ref": null,
              "rendered": "Recommendations",
              "type": [Function],
            },
            Object {
              "instance": null,
              "key": undefined,
              "nodeType": "function",
              "props": Object {
                "activeClassName": "active",
                "ariaCurrent": "true",
                "children": "Change Location",
                "className": "nav",
                "to": "/location",
              },
              "ref": null,
              "rendered": "Change Location",
              "type": [Function],
            },
          ],
          "type": "div",
        },
      ],
      "type": "header",
    },
  ],
  Symbol(enzyme.__options__): Object {
    "adapter": ReactSixteenAdapter {
      "options": Object {
        "enableComponentDidUpdateOnSetState": true,
      },
    },
  },
}
`;
