// Jest Snapshot v1, https://goo.gl/fbAQLP

exports[`Favorites should match the snapshot 1`] = `
ShallowWrapper {
  "length": 1,
  Symbol(enzyme.__root__): [Circular],
  Symbol(enzyme.__unrendered__): <Unknown />,
  Symbol(enzyme.__renderer__): Object {
    "batchedUpdates": [Function],
    "getNode": [Function],
    "render": [Function],
    "simulateEvent": [Function],
    "unmount": [Function],
  },
  Symbol(enzyme.__node__): Object {
    "instance": null,
    "key": undefined,
    "nodeType": "host",
    "props": Object {
      "children": Array [
        <h1>
          Places you already love...
</h1>,
        <CardContainer
          cards={undefined}
          favorites={undefined}
          handleAddFav={undefined}
          handleDeleteFav={undefined}
          history={undefined}
          user={undefined}
/>,
      ],
      "className": "favorites",
    },
    "ref": null,
    "rendered": Array [
      Object {
        "instance": null,
        "key": undefined,
        "nodeType": "host",
        "props": Object {
          "children": "Places you already love...",
        },
        "ref": null,
        "rendered": "Places you already love...",
        "type": "h1",
      },
      Object {
        "instance": null,
        "key": undefined,
        "nodeType": "function",
        "props": Object {
          "cards": undefined,
          "favorites": undefined,
          "handleAddFav": undefined,
          "handleDeleteFav": undefined,
          "history": undefined,
          "user": undefined,
        },
        "ref": null,
        "rendered": null,
        "type": [Function],
      },
    ],
    "type": "div",
  },
  Symbol(enzyme.__nodes__): Array [
    Object {
      "instance": null,
      "key": undefined,
      "nodeType": "host",
      "props": Object {
        "children": Array [
          <h1>
            Places you already love...
</h1>,
          <CardContainer
            cards={undefined}
            favorites={undefined}
            handleAddFav={undefined}
            handleDeleteFav={undefined}
            history={undefined}
            user={undefined}
/>,
        ],
        "className": "favorites",
      },
      "ref": null,
      "rendered": Array [
        Object {
          "instance": null,
          "key": undefined,
          "nodeType": "host",
          "props": Object {
            "children": "Places you already love...",
          },
          "ref": null,
          "rendered": "Places you already love...",
          "type": "h1",
        },
        Object {
          "instance": null,
          "key": undefined,
          "nodeType": "function",
          "props": Object {
            "cards": undefined,
            "favorites": undefined,
            "handleAddFav": undefined,
            "handleDeleteFav": undefined,
            "history": undefined,
            "user": undefined,
          },
          "ref": null,
          "rendered": null,
          "type": [Function],
        },
      ],
      "type": "div",
    },
  ],
  Symbol(enzyme.__options__): Object {
    "adapter": ReactSixteenAdapter {
      "options": Object {
        "enableComponentDidUpdateOnSetState": true,
      },
    },
  },
}
`;
